Token Type: KEYWORD
Value: PROGRAM
Token Type: IDENTIFIER
Value: casetest
Token Type: KEYWORD
Value: BEGIN
Token Type: KEYWORD
Value: STRING
Token Type: IDENTIFIER
Value: case1
Token Type: OPERATOR
Value: :=
Token Type: STRINGLITERAL
Value: "Case 1!"
Token Type: OPERATOR
Value: ;
Token Type: KEYWORD
Value: STRING
Token Type: IDENTIFIER
Value: case2
Token Type: OPERATOR
Value: :=
Token Type: STRINGLITERAL
Value: "Case 2!"
Token Type: OPERATOR
Value: ;
Token Type: KEYWORD
Value: STRING
Token Type: IDENTIFIER
Value: default
Token Type: OPERATOR
Value: :=
Token Type: STRINGLITERAL
Value: "Default!"
Token Type: OPERATOR
Value: ;
Token Type: KEYWORD
Value: INT
Token Type: IDENTIFIER
Value: i
Token Type: OPERATOR
Value: ,
Token Type: IDENTIFIER
Value: j
Token Type: OPERATOR
Value: ,
Token Type: IDENTIFIER
Value: k
Token Type: OPERATOR
Value: ;
Token Type: IDENTIFIER
Value: i
Token Type: OPERATOR
Value: =
Token Type: INTLITERAL
Value: 10
Token Type: OPERATOR
Value: ;
Token Type: IDENTIFIER
Value: j
Token Type: OPERATOR
Value: =
Token Type: INTLITERAL
Value: 20
Token Type: OPERATOR
Value: ;
Token Type: KEYWORD
Value: READ
Token Type: OPERATOR
Value: (
Token Type: IDENTIFIER
Value: k
Token Type: OPERATOR
Value: )
Token Type: OPERATOR
Value: ;
Token Type: KEYWORD
Value: CASE
Token Type: OPERATOR
Value: (
Token Type: IDENTIFIER
Value: k
Token Type: OPERATOR
Value: <
Token Type: IDENTIFIER
Value: i
Token Type: OPERATOR
Value: )
Token Type: KEYWORD
Value: WRITE
Token Type: OPERATOR
Value: (
Token Type: IDENTIFIER
Value: case1
Token Type: OPERATOR
Value: )
Token Type: OPERATOR
Value: ;
Token Type: KEYWORD
Value: BREAK
Token Type: OPERATOR
Value: (
Token Type: IDENTIFIER
Value: k
Token Type: OPERATOR
Value: <
Token Type: IDENTIFIER
Value: j
Token Type: OPERATOR
Value: )
Token Type: KEYWORD
Value: WRITE
Token Type: OPERATOR
Value: (
Token Type: IDENTIFIER
Value: case2
Token Type: OPERATOR
Value: )
Token Type: OPERATOR
Value: ;
Token Type: KEYWORD
Value: BREAK
Token Type: KEYWORD
Value: DEFAULT
Token Type: KEYWORD
Value: WRITE
Token Type: OPERATOR
Value: (
Token Type: IDENTIFIER
Value: default
Token Type: OPERATOR
Value: )
Token Type: OPERATOR
Value: ;
Token Type: KEYWORD
Value: ENDCASE
Token Type: KEYWORD
Value: END
